\BOOKMARK [1][-]{section.1}{\376\377\000N\000o\000t\000a\000t\000i\000o\000n}{}% 1
\BOOKMARK [1][-]{section.2}{\376\377\000Q\000u\000i\000c\000k\000\040\000R\000e\000f\000e\000r\000e\000n\000c\000e}{}% 2
\BOOKMARK [1][-]{section.3}{\376\377\000D\000i\000v\000e\000r\000s\000i\000t\000y\000\040\000D\000e\000f\000i\000n\000i\000t\000i\000o\000n\000s}{}% 3
\BOOKMARK [2][-]{subsection.3.1}{\376\377\000D\000i\000s\000p\000e\000r\000s\000i\000o\000n}{section.3}% 4
\BOOKMARK [2][-]{subsection.3.2}{\376\377\000C\000o\000v\000e\000r\000a\000g\000e\000\040\000\050\000F\000a\000c\000i\000l\000i\000t\000y\000-\000L\000o\000c\000a\000t\000i\000o\000n\000\051}{section.3}% 5
\BOOKMARK [2][-]{subsection.3.3}{\376\377\000C\000o\000m\000b\000i\000n\000e\000d\000\040\000O\000b\000j\000e\000c\000t\000i\000v\000e}{section.3}% 6
\BOOKMARK [1][-]{section.4}{\376\377\000S\000e\000l\000e\000c\000t\000i\000o\000n\000\040\000A\000l\000g\000o\000r\000i\000t\000h\000m\000s}{}% 7
\BOOKMARK [2][-]{subsection.4.1}{\376\377\000T\000o\000p\000-\000k\000\040\000b\000y\000\040\000R\000e\000l\000e\000v\000a\000n\000c\000e\000\040\000\050\000B\000a\000s\000e\000l\000i\000n\000e\000\051}{section.4}% 8
\BOOKMARK [2][-]{subsection.4.2}{\376\377\000M\000M\000R\000\040\000\050\000M\000a\000x\000i\000m\000a\000l\000\040\000M\000a\000r\000g\000i\000n\000a\000l\000\040\000R\000e\000l\000e\000v\000a\000n\000c\000e\000\051}{section.4}% 9
\BOOKMARK [2][-]{subsection.4.3}{\376\377\000g\000M\000M\000R\000\040\000\050\000G\000e\000o\000m\000e\000t\000r\000i\000c\000\040\000M\000M\000R\000,\000\040\000f\000r\000o\000m\000\040\000D\000F\000-\000R\000A\000G\000\051}{section.4}% 10
\BOOKMARK [2][-]{subsection.4.4}{\376\377\000F\000P\000S\000\040\000\050\000F\000a\000r\000t\000h\000e\000s\000t\000\040\000P\000o\000i\000n\000t\000\040\000S\000a\000m\000p\000l\000i\000n\000g\000\051}{section.4}% 11
\BOOKMARK [2][-]{subsection.4.5}{\376\377\000G\000r\000e\000e\000d\000y\000\040\000f\000o\000r\000\040\000F\000a\000c\000i\000l\000i\000t\000y\000-\000L\000o\000c\000a\000t\000i\000o\000n\000\040\000C\000o\000v\000e\000r\000a\000g\000e}{section.4}% 12
\BOOKMARK [2][-]{subsection.4.6}{\376\377\000E\000x\000a\000c\000t\000\040\000B\000r\000a\000n\000c\000h\000-\000a\000n\000d\000-\000B\000o\000u\000n\000d\000\040\000f\000o\000r\000\040\000C\000o\000v\000e\000r\000a\000g\000e}{section.4}% 13
\BOOKMARK [1][-]{section.5}{\376\377\000R\000e\000t\000r\000i\000e\000v\000a\000l\000\040\000Q\000u\000a\000l\000i\000t\000y\000\040\000M\000e\000t\000r\000i\000c\000s}{}% 14
\BOOKMARK [2][-]{subsection.5.1}{\376\377\000H\000i\000t\000\040\000R\000a\000t\000e\000\040\000\050\000h\000i\000t\000b\000,\000\040\000h\000i\000t\000c\000\051}{section.5}% 15
\BOOKMARK [2][-]{subsection.5.2}{\376\377\000F\000a\000c\000i\000l\000i\000t\000y\000-\000L\000o\000c\000a\000t\000i\000o\000n\000\040\000C\000o\000v\000e\000r\000a\000g\000e\000\040\000S\000c\000o\000r\000e\000\040\000\050\000f\000a\000c\000\051}{section.5}% 16
\BOOKMARK [2][-]{subsection.5.3}{\376\377\000R\000e\000c\000a\000l\000l\000@\000K}{section.5}% 17
\BOOKMARK [2][-]{subsection.5.4}{\376\377\000n\000D\000C\000G\000@\000K\000\040\000\050\000N\000o\000r\000m\000a\000l\000i\000z\000e\000d\000\040\000D\000i\000s\000c\000o\000u\000n\000t\000e\000d\000\040\000C\000u\000m\000u\000l\000a\000t\000i\000v\000e\000\040\000G\000a\000i\000n\000\051}{section.5}% 18
\BOOKMARK [2][-]{subsection.5.5}{\376\377\000F\0001\000\040\000S\000c\000o\000r\000e\000\040\000\050\000D\000F\000-\000R\000A\000G\000\051}{section.5}% 19
\BOOKMARK [2][-]{subsection.5.6}{\376\377\000D\000o\000c\000R\000e\000c\000\040\000/\000\040\000F\000a\000c\000t\000R\000e\000c\000\040\000\050\000H\000o\000t\000p\000o\000t\000Q\000A\000\051}{section.5}% 20
\BOOKMARK [2][-]{subsection.5.7}{\376\377\000A\000v\000g\000C\000o\000s\000\040\000\050\000A\000v\000e\000r\000a\000g\000e\000\040\000C\000o\000s\000i\000n\000e\000\040\000S\000i\000m\000i\000l\000a\000r\000i\000t\000y\000\051}{section.5}% 21
\BOOKMARK [1][-]{section.6}{\376\377\000S\000e\000l\000e\000c\000t\000i\000o\000n\000\040\000O\000v\000e\000r\000l\000a\000p\000\040\000M\000e\000t\000r\000i\000c\000s}{}% 22
\BOOKMARK [2][-]{subsection.6.1}{\376\377\000J\000a\000c\000c\000a\000r\000d\000\040\000S\000i\000m\000i\000l\000a\000r\000i\000t\000y}{section.6}% 23
\BOOKMARK [2][-]{subsection.6.2}{\376\377\000G\000o\000l\000d\000-\000A\000l\000i\000a\000s\000\040\000M\000e\000t\000r\000i\000c\000s}{section.6}% 24
\BOOKMARK [1][-]{section.7}{\376\377\000K\000e\000y\000\040\000E\000x\000p\000e\000r\000i\000m\000e\000n\000t\000a\000l\000\040\000P\000a\000r\000a\000m\000e\000t\000e\000r\000s}{}% 25
